Error code: 404 https://www.nationalgeographic.org/projects/big-cats-initiative/me
